
          Version:  X.Y.Z
Build Commit Hash:  640197df9b907efe9bfdf8ac2914b28a3ec9b8ef
       Build Time:  2006-01-02T15:04:05Z

